src/features/charts/components/advanced-stats/net-worth-trend.tsx(41,28): error TS2322: Type '"destructive" | "success"' is not assignable to type '"secondary" | "destructive" | "default" | "outline" | null | undefined'.
  Type '"success"' is not assignable to type '"secondary" | "destructive" | "default" | "outline" | null | undefined'.
src/features/transactions/components/edit-transaction-sheet.tsx(98,47): error TS2339: Property 'walletId' does not exist on type 'FieldErrors<{ type: "income" | "expense"; amount: number; description: string; date: Date; category: string; walletId: string; subCategory?: string | undefined; location?: string | undefined; } | { ...; }>'.
  Property 'walletId' does not exist on type 'Partial<FieldErrorsImpl<{ type: "transfer"; amount: number; description: string; date: Date; fromWalletId: string; toWalletId: string; }>> & { root?: (Record<...> & Partial<...>) | undefined; }'.
src/features/transactions/components/edit-transaction-sheet.tsx(111,43): error TS2339: Property 'category' does not exist on type 'FieldErrors<{ type: "income" | "expense"; amount: number; description: string; date: Date; category: string; walletId: string; subCategory?: string | undefined; location?: string | undefined; } | { ...; }>'.
  Property 'category' does not exist on type 'Partial<FieldErrorsImpl<{ type: "transfer"; amount: number; description: string; date: Date; fromWalletId: string; toWalletId: string; }>> & { root?: (Record<...> & Partial<...>) | undefined; }'.
src/features/transactions/hooks/use-transaction-actions.ts(23,13): error TS2322: Type 'string' is not assignable to type 'number'.
src/features/transactions/hooks/use-transaction-actions.ts(62,13): error TS2322: Type 'string' is not assignable to type 'number'.
src/features/transactions/hooks/use-transaction-form.ts(32,13): error TS2322: Type 'string' is not assignable to type 'number'.
src/features/transactions/hooks/use-transaction-form.ts(50,17): error TS2322: Type 'string' is not assignable to type 'number'.
src/features/transactions/services/transaction.service.ts(20,38): error TS2339: Property 'replace' does not exist on type 'never'.
src/features/transactions/services/transaction.service.ts(80,38): error TS2339: Property 'replace' does not exist on type 'never'.
